env: load .env
env: export EXPO_PUBLIC_BASE_URL
Starting project at D:\EZAPP
Metro is running in CI mode, reloads are disabled. Remove CI=true to enable watch mode.
Starting Metro Bundler
Waiting on http://localhost:8090
Logs for your project will appear below.
Web node_modules\expo-router\entry.js ░░░░░░░░░░░░░░░░  0.0% (0/1)
λ node_modules\expo-router\node\render.js ░░░░░░░░░░░░░░░░  0.0% (0/1)
Web node_modules\expo-router\entry.js ▓▓▓▓░░░░░░░░░░░░ 25.0% (106/266)
λ node_modules\expo-router\node\render.js ▓▓▓▓▓▓░░░░░░░░░░ 37.9% (280/455)
Web node_modules\expo-router\entry.js ▓▓▓▓▓▓▓▓▓▓▓▓▓░░░ 86.2% (609/656)
λ node_modules\expo-router\node\render.js ▓▓▓▓▓▓▓▓▓▓▓▓▓░░░ 84.7% (635/690)
Web node_modules\expo-router\entry.js ▓▓▓▓▓▓▓▓▓▓▓▓▓▓░░ 87.7% ( 899/1097)
λ node_modules\expo-router\node\render.js ▓▓▓▓▓▓▓▓▓▓▓▓▓░░░ 84.7% (1094/1230)
Web node_modules\expo-router\entry.js ▓▓▓▓▓▓▓▓▓▓▓▓▓▓░░ 90.9% (1313/1380)
λ node_modules\expo-router\node\render.js ▓▓▓▓▓▓▓▓▓▓▓▓▓▓▓░ 93.9% (1389/1451)
Web node_modules\expo-router\entry.js ░░░░░░░░░░░░░░░░  0.0% (0/1)
λ node_modules\expo-router\node\render.js ░░░░░░░░░░░░░░░░  0.0% (0/1)
λ Bundled 15750ms node_modules\expo-router\node\render.js (1611 modules)
λ Bundled 2469ms node_modules\expo-router\node\render.js (1 module)
Web node_modules\expo-router\entry.js ▓▓▓▓▓▓▓▓▓▓▓▓▓▓▓░ 99.9% (1520/1520)
Web node_modules\expo-router\entry.js ░░░░░░░░░░░░░░░░  0.0% (0/1)
App Configuration: {
  baseUrl: 'https://bitpastel.org/employee-zone/api',
  source: 'app.json'
}
"shadow*" style props are deprecated. Use "boxShadow".
λ  WARN  props.pointerEvents is deprecated. Use style.pointerEvents 
  console.warn (D:\EZAPP\node_modules\expo\node_modules\@expo\cli\src\start\server\serverLogLikeMetro.ts:161:21)
  warnOnce (D:\EZAPP\node_modules\react-native-web\dist\modules\warnOnce\index.js:24:13)
  createDOMProps (D:\EZAPP\node_modules\react-native-web\dist\modules\createDOMProps\index.js:805:13)
  createElement (D:\EZAPP\node_modules\react-native-web\dist\exports\createElement\index.js:23:32)
  Component (D:\EZAPP\node_modules\react-native-web\dist\exports\View\index.js:111:23)
  Object.callComponentInDEV [as react-stack-bottom-frame] (D:\EZAPP\node_modules\react-dom\cjs\react-dom-server-legacy.node.development.js:8970:18)
  renderWithHooks (D:\EZAPP\node_modules\react-dom\cjs\react-dom-server-legacy.node.development.js:4699:19)
  run (D:\EZAPP\node_modules\react-dom\cjs\react-dom-server-legacy.node.development.js:5539:39)
  retryNode (D:\EZAPP\node_modules\react-dom\cjs\react-dom-server-legacy.node.development.js:5899:31)
  renderNodeDestructive (D:\EZAPP\node_modules\react-dom\cjs\react-dom-server-legacy.node.development.js:5849:11)
Web node_modules\expo-router\entry.js ▓▓▓▓▓▓▓▓▓▓▓▓▓▓▓░ 99.9% (1520/1520)
Web node_modules\expo-router\entry.js ░░░░░░░░░░░░░░░░  0.0% (0/1)
App Configuration: {
  baseUrl: 'https://bitpastel.org/employee-zone/api',
  source: 'app.json'
}
"shadow*" style props are deprecated. Use "boxShadow".
λ  WARN  props.pointerEvents is deprecated. Use style.pointerEvents 
  console.warn (D:\EZAPP\node_modules\expo\node_modules\@expo\cli\src\start\server\serverLogLikeMetro.ts:161:21)
  warnOnce (D:\EZAPP\node_modules\react-native-web\dist\modules\warnOnce\index.js:24:13)
  createDOMProps (D:\EZAPP\node_modules\react-native-web\dist\modules\createDOMProps\index.js:805:13)
  createElement (D:\EZAPP\node_modules\react-native-web\dist\exports\createElement\index.js:23:32)
  Component (D:\EZAPP\node_modules\react-native-web\dist\exports\View\index.js:111:23)
  Object.callComponentInDEV [as react-stack-bottom-frame] (D:\EZAPP\node_modules\react-dom\cjs\react-dom-server-legacy.node.development.js:8970:18)
  renderWithHooks (D:\EZAPP\node_modules\react-dom\cjs\react-dom-server-legacy.node.development.js:4699:19)
  run (D:\EZAPP\node_modules\react-dom\cjs\react-dom-server-legacy.node.development.js:5539:39)
  retryNode (D:\EZAPP\node_modules\react-dom\cjs\react-dom-server-legacy.node.development.js:5899:31)
  renderNodeDestructive (D:\EZAPP\node_modules\react-dom\cjs\react-dom-server-legacy.node.development.js:5849:11)
Web node_modules\expo-router\entry.js ▓▓▓▓▓▓▓▓▓▓▓▓▓▓▓░ 99.9% (1520/1520)
Web node_modules\expo-router\entry.js ░░░░░░░░░░░░░░░░  0.0% (0/1)
λ Bundled 325ms node_modules\expo-router\node\render.js (1 module)
Web Bundled 30489ms node_modules\expo-router\entry.js (1520 modules)
Web Bundled 17311ms node_modules\expo-router\entry.js (1 module)
Error: Premature close
    at onclose (node:internal/streams/end-of-stream:162:30)
    at processTicksAndRejections (node:internal/process/task_queues:85:11)
App Configuration: {
  baseUrl: 'https://bitpastel.org/employee-zone/api',
  source: 'app.json'
}
"shadow*" style props are deprecated. Use "boxShadow".
λ  WARN  props.pointerEvents is deprecated. Use style.pointerEvents 
  console.warn (D:\EZAPP\node_modules\expo\node_modules\@expo\cli\src\start\server\serverLogLikeMetro.ts:161:21)
  warnOnce (D:\EZAPP\node_modules\react-native-web\dist\modules\warnOnce\index.js:24:13)
  createDOMProps (D:\EZAPP\node_modules\react-native-web\dist\modules\createDOMProps\index.js:805:13)
  createElement (D:\EZAPP\node_modules\react-native-web\dist\exports\createElement\index.js:23:32)
  Component (D:\EZAPP\node_modules\react-native-web\dist\exports\View\index.js:111:23)
  Object.callComponentInDEV [as react-stack-bottom-frame] (D:\EZAPP\node_modules\react-dom\cjs\react-dom-server-legacy.node.development.js:8970:18)
  renderWithHooks (D:\EZAPP\node_modules\react-dom\cjs\react-dom-server-legacy.node.development.js:4699:19)
  run (D:\EZAPP\node_modules\react-dom\cjs\react-dom-server-legacy.node.development.js:5539:39)
  retryNode (D:\EZAPP\node_modules\react-dom\cjs\react-dom-server-legacy.node.development.js:5899:31)
  renderNodeDestructive (D:\EZAPP\node_modules\react-dom\cjs\react-dom-server-legacy.node.development.js:5849:11)
Web node_modules\expo-router\entry.js ░░░░░░░░░░░░░░░░  0.0% (0/1)
Web node_modules\expo-router\entry.js ░░░░░░░░░░░░░░░░  4.0% (2/5)
Web Bundled 2983ms node_modules\expo-router\entry.js (1 module)
Web node_modules\expo-router\entry.js ▓▓▓▓▓▓▓▓░░░░░░░░ 55.3% (707/957)
Web node_modules\expo-router\entry.js ▓▓▓▓▓▓▓▓▓▓▓▓▓░░░ 87.3% (1282/1372)
λ Bundled 405ms node_modules\expo-router\node\render.js (1 module)
Web node_modules\expo-router\entry.js ▓▓▓▓▓▓▓▓▓▓▓▓▓▓▓░ 99.9% (1522/1522)
Web node_modules\expo-router\entry.js ░░░░░░░░░░░░░░░░  0.0% (0/1)
Web Bundled 12569ms node_modules\expo-router\entry.js (1522 modules)
Web Bundled 3491ms node_modules\expo-router\entry.js (1 module)
App Configuration: {
  baseUrl: 'https://bitpastel.org/employee-zone/api',
  source: 'app.json'
}
"shadow*" style props are deprecated. Use "boxShadow".
λ  WARN  props.pointerEvents is deprecated. Use style.pointerEvents 
  console.warn (D:\EZAPP\node_modules\expo\node_modules\@expo\cli\src\start\server\serverLogLikeMetro.ts:161:21)
  warnOnce (D:\EZAPP\node_modules\react-native-web\dist\modules\warnOnce\index.js:24:13)
  createDOMProps (D:\EZAPP\node_modules\react-native-web\dist\modules\createDOMProps\index.js:805:13)
  createElement (D:\EZAPP\node_modules\react-native-web\dist\exports\createElement\index.js:23:32)
  Component (D:\EZAPP\node_modules\react-native-web\dist\exports\View\index.js:111:23)
  Object.callComponentInDEV [as react-stack-bottom-frame] (D:\EZAPP\node_modules\react-dom\cjs\react-dom-server-legacy.node.development.js:8970:18)
  renderWithHooks (D:\EZAPP\node_modules\react-dom\cjs\react-dom-server-legacy.node.development.js:4699:19)
  run (D:\EZAPP\node_modules\react-dom\cjs\react-dom-server-legacy.node.development.js:5539:39)
  retryNode (D:\EZAPP\node_modules\react-dom\cjs\react-dom-server-legacy.node.development.js:5899:31)
  renderNodeDestructive (D:\EZAPP\node_modules\react-dom\cjs\react-dom-server-legacy.node.development.js:5849:11)
Web Bundled 1169ms node_modules\expo-router\entry.js (1 module)
 LOG  [web] Logs will appear in the browser console
 LOG  [web] Logs will appear in the browser console
λ Bundled 434ms node_modules\expo-router\node\render.js (1 module)
Web Bundled 2548ms node_modules\expo-router\entry.js (1 module)
App Configuration: {
  baseUrl: 'https://bitpastel.org/employee-zone/api',
  source: 'app.json'
}
"shadow*" style props are deprecated. Use "boxShadow".
